01.02.2016.PHX.at.SAC.7z01.06.2016.NYK.at.MIA.7z01.08.2016.DAL.at.MIL.7z01.11.2016.MIA.at.GSW.7z01.14.2016.CHI.at.PHI.7z01.14.2016.CLE.at.SAS.7z01.14.2016.DET.at.MEM.7z01.14.2016.LAL.at.GSW.7z01.18.2016.PHI.at.NYK.7z01.19.2016.MIL.at.MIA.7z01.20.2016.BOS.at.TOR.7z01.20.2016.CHA.at.OKC.7z01.20.2016.UTA.at.NYK.7z01.22.2016.IND.at.GSW.7z01.22.2016.LAC.at.NYK.7z01.23.2016.CHI.at.CLE.7z01.23.2016.NYK.at.CHA.7z01.23.2016.UTA.at.WAS.7z10.30.2015.CHA.at.ATL.7z10.30.2015.POR.at.PHX.7z11.06.2015.HOU.at.SAC.7z11.07.2015.GSW.at.SAC.7z11.18.2015.DEN.at.SAS.7z11.18.2015.TOR.at.UTA.7z11.19.2015.SAC.at.MIA.7z11.20.2015.NYK.at.OKC.7z11.21.2015.MIL.at.IND.7z11.21.2015.SAC.at.ORL.7z11.25.2015.CLE.at.TOR.7z11.29.2015.BOS.at.ORL.7z12.01.2015.LAL.at.PHI.7z12.05.2015.DEN.at.PHI.7z12.18.2015.POR.at.ORL.7z12.19.2015.LAL.at.OKC.7z12.23.2015.DET.at.ATL.7z12.27.2015.POR.at.SAC.7z12.30.2015.PHI.at.SAC.7z12.30.2015.PHX.at.SAS.7zeventssetup.shshots